Analysis & Synthesis report for DE2_115
Mon May 23 16:03:41 2016
Quartus II 64-Bit Version 14.0.0 Build 200 06/17/2014 SJ Web Edition


---------------------
; Table of Contents ;
---------------------
  1. Legal Notice
  2. Analysis & Synthesis Summary
  3. Analysis & Synthesis Settings
  4. Parallel Compilation
  5. Analysis & Synthesis Source Files Read
  6. Analysis & Synthesis Resource Usage Summary
  7. Analysis & Synthesis Resource Utilization by Entity
  8. General Register Statistics
  9. Post-Synthesis Netlist Statistics for Top Partition
 10. Elapsed Time Per Partition
 11. Analysis & Synthesis Messages



----------------
; Legal Notice ;
----------------
Copyright (C) 1991-2014 Altera Corporation. All rights reserved.
Your use of Altera Corporation's design tools, logic functions 
and other software and tools, and its AMPP partner logic 
functions, and any output files from any of the foregoing 
(including device programming or simulation files), and any 
associated documentation or information are expressly subject 
to the terms and conditions of the Altera Program License 
Subscription Agreement, the Altera Quartus II License Agreement,
the Altera MegaCore Function License Agreement, or other 
applicable license agreement, including, without limitation, 
that your use is for the sole purpose of programming logic 
devices manufactured by Altera and sold by Altera or its 
authorized distributors.  Please refer to the applicable 
agreement for further details.



+---------------------------------------------------------------------------------+
; Analysis & Synthesis Summary                                                    ;
+------------------------------------+--------------------------------------------+
; Analysis & Synthesis Status        ; Successful - Mon May 23 16:03:41 2016      ;
; Quartus II 64-Bit Version          ; 14.0.0 Build 200 06/17/2014 SJ Web Edition ;
; Revision Name                      ; DE2_115                                    ;
; Top-level Entity Name              ; DE2_115                                    ;
; Family                             ; Cyclone IV E                               ;
; Total logic elements               ; 0                                          ;
;     Total combinational functions  ; 0                                          ;
;     Dedicated logic registers      ; 0                                          ;
; Total registers                    ; 0                                          ;
; Total pins                         ; 400                                        ;
; Total virtual pins                 ; 0                                          ;
; Total memory bits                  ; 0                                          ;
; Embedded Multiplier 9-bit elements ; 0                                          ;
; Total PLLs                         ; 0                                          ;
+------------------------------------+--------------------------------------------+


+----------------------------------------------------------------------------------------------------------------------+
; Analysis & Synthesis Settings                                                                                        ;
+----------------------------------------------------------------------------+--------------------+--------------------+
; Option                                                                     ; Setting            ; Default Value      ;
+----------------------------------------------------------------------------+--------------------+--------------------+
; Device                                                                     ; EP4CE115F29C7      ;                    ;
; Top-level entity name                                                      ; DE2_115            ; DE2_115            ;
; Family name                                                                ; Cyclone IV E       ; Cyclone IV GX      ;
; Use smart compilation                                                      ; Off                ; Off                ;
; Enable parallel Assembler and TimeQuest Timing Analyzer during compilation ; On                 ; On                 ;
; Enable compact report table                                                ; Off                ; Off                ;
; Restructure Multiplexers                                                   ; Auto               ; Auto               ;
; Create Debugging Nodes for IP Cores                                        ; Off                ; Off                ;
; Preserve fewer node names                                                  ; On                 ; On                 ;
; Disable OpenCore Plus hardware evaluation                                  ; Off                ; Off                ;
; Verilog Version                                                            ; Verilog_2001       ; Verilog_2001       ;
; VHDL Version                                                               ; VHDL_1993          ; VHDL_1993          ;
; State Machine Processing                                                   ; Auto               ; Auto               ;
; Safe State Machine                                                         ; Off                ; Off                ;
; Extract Verilog State Machines                                             ; On                 ; On                 ;
; Extract VHDL State Machines                                                ; On                 ; On                 ;
; Ignore Verilog initial constructs                                          ; Off                ; Off                ;
; Iteration limit for constant Verilog loops                                 ; 5000               ; 5000               ;
; Iteration limit for non-constant Verilog loops                             ; 250                ; 250                ;
; Add Pass-Through Logic to Inferred RAMs                                    ; On                 ; On                 ;
; Infer RAMs from Raw Logic                                                  ; On                 ; On                 ;
; Parallel Synthesis                                                         ; On                 ; On                 ;
; DSP Block Balancing                                                        ; Auto               ; Auto               ;
; NOT Gate Push-Back                                                         ; On                 ; On                 ;
; Power-Up Don't Care                                                        ; On                 ; On                 ;
; Remove Redundant Logic Cells                                               ; Off                ; Off                ;
; Remove Duplicate Registers                                                 ; On                 ; On                 ;
; Ignore CARRY Buffers                                                       ; Off                ; Off                ;
; Ignore CASCADE Buffers                                                     ; Off                ; Off                ;
; Ignore GLOBAL Buffers                                                      ; Off                ; Off                ;
; Ignore ROW GLOBAL Buffers                                                  ; Off                ; Off                ;
; Ignore LCELL Buffers                                                       ; Off                ; Off                ;
; Ignore SOFT Buffers                                                        ; On                 ; On                 ;
; Limit AHDL Integers to 32 Bits                                             ; Off                ; Off                ;
; Optimization Technique                                                     ; Balanced           ; Balanced           ;
; Carry Chain Length                                                         ; 70                 ; 70                 ;
; Auto Carry Chains                                                          ; On                 ; On                 ;
; Auto Open-Drain Pins                                                       ; On                 ; On                 ;
; Perform WYSIWYG Primitive Resynthesis                                      ; Off                ; Off                ;
; Auto ROM Replacement                                                       ; On                 ; On                 ;
; Auto RAM Replacement                                                       ; On                 ; On                 ;
; Auto DSP Block Replacement                                                 ; On                 ; On                 ;
; Auto Shift Register Replacement                                            ; Auto               ; Auto               ;
; Allow Shift Register Merging across Hierarchies                            ; Auto               ; Auto               ;
; Auto Clock Enable Replacement                                              ; On                 ; On                 ;
; Strict RAM Replacement                                                     ; Off                ; Off                ;
; Allow Synchronous Control Signals                                          ; On                 ; On                 ;
; Force Use of Synchronous Clear Signals                                     ; Off                ; Off                ;
; Auto RAM Block Balancing                                                   ; On                 ; On                 ;
; Auto RAM to Logic Cell Conversion                                          ; Off                ; Off                ;
; Auto Resource Sharing                                                      ; Off                ; Off                ;
; Allow Any RAM Size For Recognition                                         ; Off                ; Off                ;
; Allow Any ROM Size For Recognition                                         ; Off                ; Off                ;
; Allow Any Shift Register Size For Recognition                              ; Off                ; Off                ;
; Use LogicLock Constraints during Resource Balancing                        ; On                 ; On                 ;
; Ignore translate_off and synthesis_off directives                          ; Off                ; Off                ;
; Timing-Driven Synthesis                                                    ; On                 ; On                 ;
; Report Parameter Settings                                                  ; On                 ; On                 ;
; Report Source Assignments                                                  ; On                 ; On                 ;
; Report Connectivity Checks                                                 ; On                 ; On                 ;
; Ignore Maximum Fan-Out Assignments                                         ; Off                ; Off                ;
; Synchronization Register Chain Length                                      ; 2                  ; 2                  ;
; PowerPlay Power Optimization                                               ; Normal compilation ; Normal compilation ;
; HDL message level                                                          ; Level2             ; Level2             ;
; Suppress Register Optimization Related Messages                            ; Off                ; Off                ;
; Number of Removed Registers Reported in Synthesis Report                   ; 5000               ; 5000               ;
; Number of Swept Nodes Reported in Synthesis Report                         ; 5000               ; 5000               ;
; Number of Inverted Registers Reported in Synthesis Report                  ; 100                ; 100                ;
; Clock MUX Protection                                                       ; On                 ; On                 ;
; Auto Gated Clock Conversion                                                ; Off                ; Off                ;
; Block Design Naming                                                        ; Auto               ; Auto               ;
; SDC constraint protection                                                  ; Off                ; Off                ;
; Synthesis Effort                                                           ; Auto               ; Auto               ;
; Shift Register Replacement - Allow Asynchronous Clear Signal               ; On                 ; On                 ;
; Pre-Mapping Resynthesis Optimization                                       ; Off                ; Off                ;
; Analysis & Synthesis Message Level                                         ; Medium             ; Medium             ;
; Disable Register Merging Across Hierarchies                                ; Auto               ; Auto               ;
; Resource Aware Inference For Block RAM                                     ; On                 ; On                 ;
; Synthesis Seed                                                             ; 1                  ; 1                  ;
+----------------------------------------------------------------------------+--------------------+--------------------+


Parallel compilation was disabled, but you have multiple processors available. Enable parallel compilation to reduce compilation time.
+-------------------------------------+
; Parallel Compilation                ;
+----------------------------+--------+
; Processors                 ; Number ;
+----------------------------+--------+
; Number detected on machine ; 8      ;
; Maximum allowed            ; 1      ;
+----------------------------+--------+


+---------------------------------------------------------------------------------------------------------------------------------------------------+
; Analysis & Synthesis Source Files Read                                                                                                            ;
+----------------------------------+-----------------+------------------------------+-----------------------------------------------------+---------+
; File Name with User-Entered Path ; Used in Netlist ; File Type                    ; File Name with Absolute Path                        ; Library ;
+----------------------------------+-----------------+------------------------------+-----------------------------------------------------+---------+
; de2_115.v                        ; yes             ; Auto-Found Verilog HDL File  ; C:/Users/katteroa/Desktop/dCollideSpheres/de2_115.v ;         ;
+----------------------------------+-----------------+------------------------------+-----------------------------------------------------+---------+


+---------------------------------------------------------------+
; Analysis & Synthesis Resource Usage Summary                   ;
+---------------------------------------------+-----------------+
; Resource                                    ; Usage           ;
+---------------------------------------------+-----------------+
;                                             ;                 ;
; Total combinational functions               ; 0               ;
; Logic element usage by number of LUT inputs ;                 ;
;     -- 4 input functions                    ; 0               ;
;     -- 3 input functions                    ; 0               ;
;     -- <=2 input functions                  ; 0               ;
;                                             ;                 ;
; Logic elements by mode                      ;                 ;
;     -- normal mode                          ; 0               ;
;     -- arithmetic mode                      ; 0               ;
;                                             ;                 ;
; Total registers                             ; 0               ;
;     -- Dedicated logic registers            ; 0               ;
;     -- I/O registers                        ; 0               ;
;                                             ;                 ;
; I/O pins                                    ; 400             ;
; Embedded Multiplier 9-bit elements          ; 0               ;
; Maximum fan-out node                        ; EX_IO[0]~output ;
; Maximum fan-out                             ; 1               ;
; Total fan-out                               ; 503             ;
; Average fan-out                             ; 0.56            ;
+---------------------------------------------+-----------------+


+-----------------------------------------------------------------------------------------------------------------------------------------------------------------------------+
; Analysis & Synthesis Resource Utilization by Entity                                                                                                                         ;
+----------------------------+-------------------+--------------+-------------+--------------+---------+-----------+------+--------------+---------------------+--------------+
; Compilation Hierarchy Node ; LC Combinationals ; LC Registers ; Memory Bits ; DSP Elements ; DSP 9x9 ; DSP 18x18 ; Pins ; Virtual Pins ; Full Hierarchy Name ; Library Name ;
+----------------------------+-------------------+--------------+-------------+--------------+---------+-----------+------+--------------+---------------------+--------------+
; |DE2_115                   ; 0 (0)             ; 0 (0)        ; 0           ; 0            ; 0       ; 0         ; 400  ; 0            ; |DE2_115            ; work         ;
+----------------------------+-------------------+--------------+-------------+--------------+---------+-----------+------+--------------+---------------------+--------------+
Note: For table entries with two numbers listed, the numbers in parentheses indicate the number of resources of the given type used by the specific entity alone. The numbers listed outside of parentheses indicate the total resources of the given type used by the specific entity and all of its sub-entities in the hierarchy.


+------------------------------------------------------+
; General Register Statistics                          ;
+----------------------------------------------+-------+
; Statistic                                    ; Value ;
+----------------------------------------------+-------+
; Total registers                              ; 0     ;
; Number of registers using Synchronous Clear  ; 0     ;
; Number of registers using Synchronous Load   ; 0     ;
; Number of registers using Asynchronous Clear ; 0     ;
; Number of registers using Asynchronous Load  ; 0     ;
; Number of registers using Clock Enable       ; 0     ;
; Number of registers using Preset             ; 0     ;
+----------------------------------------------+-------+


+-----------------------------------------------------+
; Post-Synthesis Netlist Statistics for Top Partition ;
+-----------------------+-----------------------------+
; Type                  ; Count                       ;
+-----------------------+-----------------------------+
; boundary_port         ; 400                         ;
; cycloneiii_io_obuf    ; 103                         ;
; cycloneiii_lcell_comb ; 1                           ;
;     normal            ; 1                           ;
;         0 data inputs ; 1                           ;
;                       ;                             ;
; Max LUT depth         ; 0.00                        ;
; Average LUT depth     ; 0.00                        ;
+-----------------------+-----------------------------+


+-------------------------------+
; Elapsed Time Per Partition    ;
+----------------+--------------+
; Partition Name ; Elapsed Time ;
+----------------+--------------+
; Top            ; 00:00:00     ;
+----------------+--------------+


+-------------------------------+
; Analysis & Synthesis Messages ;
+-------------------------------+
Info: *******************************************************************
Info: Running Quartus II 64-Bit Analysis & Synthesis
    Info: Version 14.0.0 Build 200 06/17/2014 SJ Web Edition
    Info: Processing started: Mon May 23 16:03:40 2016
Info: Command: quartus_map --read_settings_files=on --write_settings_files=off DE2_115 -c DE2_115
Warning (20028): Parallel compilation is not licensed and has been disabled
Info (12021): Found 1 design units, including 1 entities, in source file toplevel.v
    Info (12023): Found entity 1: toplevel
Info (12021): Found 1 design units, including 1 entities, in source file adder.v
    Info (12023): Found entity 1: adder
Info (12021): Found 1 design units, including 1 entities, in source file dcollidespheres.v
    Info (12023): Found entity 1: dCollideSpheres
Info (12021): Found 1 design units, including 1 entities, in source file divider.v
    Info (12023): Found entity 1: divider
Info (12021): Found 1 design units, including 1 entities, in source file dcalcpointsdistance3.v
    Info (12023): Found entity 1: dCalcPointsDistance3
Info (12021): Found 1 design units, including 1 entities, in source file multiply.v
    Info (12023): Found entity 1: multiplier
Info (12021): Found 1 design units, including 1 entities, in source file toplevel0.v
    Info (12023): Found entity 1: toplevel0
Warning (10236): Verilog HDL Implicit Net warning at dCollideSpheres.v(64): created implicit net for "CLK0"
Warning (10236): Verilog HDL Implicit Net warning at dCollideSpheres.v(67): created implicit net for "CLK1"
Warning (10236): Verilog HDL Implicit Net warning at dCollideSpheres.v(72): created implicit net for "CLK2"
Warning (10236): Verilog HDL Implicit Net warning at dCollideSpheres.v(81): created implicit net for "x2_neg"
Warning (10236): Verilog HDL Implicit Net warning at dCollideSpheres.v(83): created implicit net for "y2_neg"
Warning (10236): Verilog HDL Implicit Net warning at dCollideSpheres.v(85): created implicit net for "z2_neg"
Warning (10236): Verilog HDL Implicit Net warning at dCollideSpheres.v(87): created implicit net for "r1_neg"
Warning (10236): Verilog HDL Implicit Net warning at dCollideSpheres.v(89): created implicit net for "d_neg"
Warning (10236): Verilog HDL Implicit Net warning at dCollideSpheres.v(151): created implicit net for "CLK_dRecipX"
Warning (10236): Verilog HDL Implicit Net warning at dCollideSpheres.v(152): created implicit net for "CLK_dRecipY"
Warning (10236): Verilog HDL Implicit Net warning at dCollideSpheres.v(153): created implicit net for "CLK_dRecipZ"
Warning (10236): Verilog HDL Implicit Net warning at dCollideSpheres.v(224): created implicit net for "CLK_pos"
Warning (10236): Verilog HDL Implicit Net warning at toplevel0.v(56): created implicit net for "depthC"
Warning (12125): Using design file de2_115.v, which is not specified as a design file for the current project, but contains definitions for 1 design units and 1 entities in project
    Info (12023): Found entity 1: DE2_115
Info (12127): Elaborating entity "DE2_115" for the top level hierarchy
Warning (10034): Output port "LEDG" at de2_115.v(199) has no driver
Warning (10034): Output port "LEDR" at de2_115.v(200) has no driver
Warning (10034): Output port "HEX0" at de2_115.v(212) has no driver
Warning (10034): Output port "HEX1" at de2_115.v(213) has no driver
Warning (10034): Output port "HEX2" at de2_115.v(214) has no driver
Warning (10034): Output port "HEX3" at de2_115.v(215) has no driver
Warning (10034): Output port "HEX4" at de2_115.v(216) has no driver
Warning (10034): Output port "HEX5" at de2_115.v(217) has no driver
Warning (10034): Output port "HEX6" at de2_115.v(218) has no driver
Warning (10034): Output port "HEX7" at de2_115.v(219) has no driver
Warning (10034): Output port "VGA_B" at de2_115.v(248) has no driver
Warning (10034): Output port "VGA_G" at de2_115.v(251) has no driver
Warning (10034): Output port "VGA_R" at de2_115.v(253) has no driver
Warning (10034): Output port "ENET0_TX_DATA" at de2_115.v(287) has no driver
Warning (10034): Output port "ENET1_TX_DATA" at de2_115.v(306) has no driver
Warning (10034): Output port "OTG_ADDR" at de2_115.v(318) has no driver
Warning (10034): Output port "DRAM_ADDR" at de2_115.v(330) has no driver
Warning (10034): Output port "DRAM_BA" at de2_115.v(331) has no driver
Warning (10034): Output port "DRAM_DQM" at de2_115.v(337) has no driver
Warning (10034): Output port "SRAM_ADDR" at de2_115.v(342) has no driver
Warning (10034): Output port "FL_ADDR" at de2_115.v(351) has no driver
Warning (10034): Output port "SMA_CLKOUT" at de2_115.v(196) has no driver
Warning (10034): Output port "LCD_BLON" at de2_115.v(222) has no driver
Warning (10034): Output port "LCD_EN" at de2_115.v(224) has no driver
Warning (10034): Output port "LCD_ON" at de2_115.v(225) has no driver
Warning (10034): Output port "LCD_RS" at de2_115.v(226) has no driver
Warning (10034): Output port "LCD_RW" at de2_115.v(227) has no driver
Warning (10034): Output port "UART_RTS" at de2_115.v(231) has no driver
Warning (10034): Output port "UART_TXD" at de2_115.v(233) has no driver
Warning (10034): Output port "SD_CLK" at de2_115.v(242) has no driver
Warning (10034): Output port "VGA_BLANK_N" at de2_115.v(249) has no driver
Warning (10034): Output port "VGA_CLK" at de2_115.v(250) has no driver
Warning (10034): Output port "VGA_HS" at de2_115.v(252) has no driver
Warning (10034): Output port "VGA_SYNC_N" at de2_115.v(254) has no driver
Warning (10034): Output port "VGA_VS" at de2_115.v(255) has no driver
Warning (10034): Output port "AUD_DACDAT" at de2_115.v(261) has no driver
Warning (10034): Output port "AUD_XCK" at de2_115.v(263) has no driver
Warning (10034): Output port "EEP_I2C_SCLK" at de2_115.v(266) has no driver
Warning (10034): Output port "I2C_SCLK" at de2_115.v(270) has no driver
Warning (10034): Output port "ENET0_GTX_CLK" at de2_115.v(274) has no driver
Warning (10034): Output port "ENET0_MDC" at de2_115.v(277) has no driver
Warning (10034): Output port "ENET0_RST_N" at de2_115.v(279) has no driver
Warning (10034): Output port "ENET0_TX_EN" at de2_115.v(288) has no driver
Warning (10034): Output port "ENET0_TX_ER" at de2_115.v(289) has no driver
Warning (10034): Output port "ENET1_GTX_CLK" at de2_115.v(293) has no driver
Warning (10034): Output port "ENET1_MDC" at de2_115.v(296) has no driver
Warning (10034): Output port "ENET1_RST_N" at de2_115.v(298) has no driver
Warning (10034): Output port "ENET1_TX_EN" at de2_115.v(307) has no driver
Warning (10034): Output port "ENET1_TX_ER" at de2_115.v(308) has no driver
Warning (10034): Output port "TD_RESET_N" at de2_115.v(314) has no driver
Warning (10034): Output port "OTG_CS_N" at de2_115.v(319) has no driver
Warning (10034): Output port "OTG_RD_N" at de2_115.v(322) has no driver
Warning (10034): Output port "OTG_RST_N" at de2_115.v(323) has no driver
Warning (10034): Output port "OTG_WE_N" at de2_115.v(324) has no driver
Warning (10034): Output port "DRAM_CAS_N" at de2_115.v(332) has no driver
Warning (10034): Output port "DRAM_CKE" at de2_115.v(333) has no driver
Warning (10034): Output port "DRAM_CLK" at de2_115.v(334) has no driver
Warning (10034): Output port "DRAM_CS_N" at de2_115.v(335) has no driver
Warning (10034): Output port "DRAM_RAS_N" at de2_115.v(338) has no driver
Warning (10034): Output port "DRAM_WE_N" at de2_115.v(339) has no driver
Warning (10034): Output port "SRAM_CE_N" at de2_115.v(343) has no driver
Warning (10034): Output port "SRAM_LB_N" at de2_115.v(345) has no driver
Warning (10034): Output port "SRAM_OE_N" at de2_115.v(346) has no driver
Warning (10034): Output port "SRAM_UB_N" at de2_115.v(347) has no driver
Warning (10034): Output port "SRAM_WE_N" at de2_115.v(348) has no driver
Warning (10034): Output port "FL_CE_N" at de2_115.v(352) has no driver
Warning (10034): Output port "FL_OE_N" at de2_115.v(354) has no driver
Warning (10034): Output port "FL_RST_N" at de2_115.v(355) has no driver
Warning (10034): Output port "FL_WE_N" at de2_115.v(357) has no driver
Warning (10034): Output port "FL_WP_N" at de2_115.v(358) has no driver
Warning (13039): The following bidir pins have no drivers
    Warning (13040): Bidir "EX_IO[0]" has no driver
    Warning (13040): Bidir "EX_IO[1]" has no driver
    Warning (13040): Bidir "EX_IO[2]" has no driver
    Warning (13040): Bidir "EX_IO[3]" has no driver
    Warning (13040): Bidir "EX_IO[4]" has no driver
    Warning (13040): Bidir "EX_IO[5]" has no driver
    Warning (13040): Bidir "EX_IO[6]" has no driver
    Warning (13040): Bidir "LCD_DATA[0]" has no driver
    Warning (13040): Bidir "LCD_DATA[1]" has no driver
    Warning (13040): Bidir "LCD_DATA[2]" has no driver
    Warning (13040): Bidir "LCD_DATA[3]" has no driver
    Warning (13040): Bidir "LCD_DATA[4]" has no driver
    Warning (13040): Bidir "LCD_DATA[5]" has no driver
    Warning (13040): Bidir "LCD_DATA[6]" has no driver
    Warning (13040): Bidir "LCD_DATA[7]" has no driver
    Warning (13040): Bidir "PS2_CLK" has no driver
    Warning (13040): Bidir "PS2_CLK2" has no driver
    Warning (13040): Bidir "PS2_DAT" has no driver
    Warning (13040): Bidir "PS2_DAT2" has no driver
    Warning (13040): Bidir "SD_CMD" has no driver
    Warning (13040): Bidir "SD_DAT[0]" has no driver
    Warning (13040): Bidir "SD_DAT[1]" has no driver
    Warning (13040): Bidir "SD_DAT[2]" has no driver
    Warning (13040): Bidir "SD_DAT[3]" has no driver
    Warning (13040): Bidir "AUD_ADCLRCK" has no driver
    Warning (13040): Bidir "AUD_BCLK" has no driver
    Warning (13040): Bidir "AUD_DACLRCK" has no driver
    Warning (13040): Bidir "EEP_I2C_SDAT" has no driver
    Warning (13040): Bidir "I2C_SDAT" has no driver
    Warning (13040): Bidir "ENET0_MDIO" has no driver
    Warning (13040): Bidir "ENET1_MDIO" has no driver
    Warning (13040): Bidir "OTG_DATA[0]" has no driver
    Warning (13040): Bidir "OTG_DATA[1]" has no driver
    Warning (13040): Bidir "OTG_DATA[2]" has no driver
    Warning (13040): Bidir "OTG_DATA[3]" has no driver
    Warning (13040): Bidir "OTG_DATA[4]" has no driver
    Warning (13040): Bidir "OTG_DATA[5]" has no driver
    Warning (13040): Bidir "OTG_DATA[6]" has no driver
    Warning (13040): Bidir "OTG_DATA[7]" has no driver
    Warning (13040): Bidir "OTG_DATA[8]" has no driver
    Warning (13040): Bidir "OTG_DATA[9]" has no driver
    Warning (13040): Bidir "OTG_DATA[10]" has no driver
    Warning (13040): Bidir "OTG_DATA[11]" has no driver
    Warning (13040): Bidir "OTG_DATA[12]" has no driver
    Warning (13040): Bidir "OTG_DATA[13]" has no driver
    Warning (13040): Bidir "OTG_DATA[14]" has no driver
    Warning (13040): Bidir "OTG_DATA[15]" has no driver
    Warning (13040): Bidir "DRAM_DQ[0]" has no driver
    Warning (13040): Bidir "DRAM_DQ[1]" has no driver
    Warning (13040): Bidir "DRAM_DQ[2]" has no driver
    Warning (13040): Bidir "DRAM_DQ[3]" has no driver
    Warning (13040): Bidir "DRAM_DQ[4]" has no driver
    Warning (13040): Bidir "DRAM_DQ[5]" has no driver
    Warning (13040): Bidir "DRAM_DQ[6]" has no driver
    Warning (13040): Bidir "DRAM_DQ[7]" has no driver
    Warning (13040): Bidir "DRAM_DQ[8]" has no driver
    Warning (13040): Bidir "DRAM_DQ[9]" has no driver
    Warning (13040): Bidir "DRAM_DQ[10]" has no driver
    Warning (13040): Bidir "DRAM_DQ[11]" has no driver
    Warning (13040): Bidir "DRAM_DQ[12]" has no driver
    Warning (13040): Bidir "DRAM_DQ[13]" has no driver
    Warning (13040): Bidir "DRAM_DQ[14]" has no driver
    Warning (13040): Bidir "DRAM_DQ[15]" has no driver
    Warning (13040): Bidir "DRAM_DQ[16]" has no driver
    Warning (13040): Bidir "DRAM_DQ[17]" has no driver
    Warning (13040): Bidir "DRAM_DQ[18]" has no driver
    Warning (13040): Bidir "DRAM_DQ[19]" has no driver
    Warning (13040): Bidir "DRAM_DQ[20]" has no driver
    Warning (13040): Bidir "DRAM_DQ[21]" has no driver
    Warning (13040): Bidir "DRAM_DQ[22]" has no driver
    Warning (13040): Bidir "DRAM_DQ[23]" has no driver
    Warning (13040): Bidir "DRAM_DQ[24]" has no driver
    Warning (13040): Bidir "DRAM_DQ[25]" has no driver
    Warning (13040): Bidir "DRAM_DQ[26]" has no driver
    Warning (13040): Bidir "DRAM_DQ[27]" has no driver
    Warning (13040): Bidir "DRAM_DQ[28]" has no driver
    Warning (13040): Bidir "DRAM_DQ[29]" has no driver
    Warning (13040): Bidir "DRAM_DQ[30]" has no driver
    Warning (13040): Bidir "DRAM_DQ[31]" has no driver
    Warning (13040): Bidir "SRAM_DQ[0]" has no driver
    Warning (13040): Bidir "SRAM_DQ[1]" has no driver
    Warning (13040): Bidir "SRAM_DQ[2]" has no driver
    Warning (13040): Bidir "SRAM_DQ[3]" has no driver
    Warning (13040): Bidir "SRAM_DQ[4]" has no driver
    Warning (13040): Bidir "SRAM_DQ[5]" has no driver
    Warning (13040): Bidir "SRAM_DQ[6]" has no driver
    Warning (13040): Bidir "SRAM_DQ[7]" has no driver
    Warning (13040): Bidir "SRAM_DQ[8]" has no driver
    Warning (13040): Bidir "SRAM_DQ[9]" has no driver
    Warning (13040): Bidir "SRAM_DQ[10]" has no driver
    Warning (13040): Bidir "SRAM_DQ[11]" has no driver
    Warning (13040): Bidir "SRAM_DQ[12]" has no driver
    Warning (13040): Bidir "SRAM_DQ[13]" has no driver
    Warning (13040): Bidir "SRAM_DQ[14]" has no driver
    Warning (13040): Bidir "SRAM_DQ[15]" has no driver
    Warning (13040): Bidir "FL_DQ[0]" has no driver
    Warning (13040): Bidir "FL_DQ[1]" has no driver
    Warning (13040): Bidir "FL_DQ[2]" has no driver
    Warning (13040): Bidir "FL_DQ[3]" has no driver
    Warning (13040): Bidir "FL_DQ[4]" has no driver
    Warning (13040): Bidir "FL_DQ[5]" has no driver
    Warning (13040): Bidir "FL_DQ[6]" has no driver
    Warning (13040): Bidir "FL_DQ[7]" has no driver
Warning (13024): Output pins are stuck at VCC or GND
    Warning (13410): Pin "SMA_CLKOUT" is stuck at GND
    Warning (13410): Pin "LEDG[0]" is stuck at GND
    Warning (13410): Pin "LEDG[1]" is stuck at GND
    Warning (13410): Pin "LEDG[2]" is stuck at GND
    Warning (13410): Pin "LEDG[3]" is stuck at GND
    Warning (13410): Pin "LEDG[4]" is stuck at GND
    Warning (13410): Pin "LEDG[5]" is stuck at GND
    Warning (13410): Pin "LEDG[6]" is stuck at GND
    Warning (13410): Pin "LEDG[7]" is stuck at GND
    Warning (13410): Pin "LEDG[8]" is stuck at GND
    Warning (13410): Pin "LEDR[0]" is stuck at GND
    Warning (13410): Pin "LEDR[1]" is stuck at GND
    Warning (13410): Pin "LEDR[2]" is stuck at GND
    Warning (13410): Pin "LEDR[3]" is stuck at GND
    Warning (13410): Pin "LEDR[4]" is stuck at GND
    Warning (13410): Pin "LEDR[5]" is stuck at GND
    Warning (13410): Pin "LEDR[6]" is stuck at GND
    Warning (13410): Pin "LEDR[7]" is stuck at GND
    Warning (13410): Pin "LEDR[8]" is stuck at GND
    Warning (13410): Pin "LEDR[9]" is stuck at GND
    Warning (13410): Pin "LEDR[10]" is stuck at GND
    Warning (13410): Pin "LEDR[11]" is stuck at GND
    Warning (13410): Pin "LEDR[12]" is stuck at GND
    Warning (13410): Pin "LEDR[13]" is stuck at GND
    Warning (13410): Pin "LEDR[14]" is stuck at GND
    Warning (13410): Pin "LEDR[15]" is stuck at GND
    Warning (13410): Pin "LEDR[16]" is stuck at GND
    Warning (13410): Pin "LEDR[17]" is stuck at GND
    Warning (13410): Pin "HEX0[0]" is stuck at GND
    Warning (13410): Pin "HEX0[1]" is stuck at GND
    Warning (13410): Pin "HEX0[2]" is stuck at GND
    Warning (13410): Pin "HEX0[3]" is stuck at GND
    Warning (13410): Pin "HEX0[4]" is stuck at GND
    Warning (13410): Pin "HEX0[5]" is stuck at GND
    Warning (13410): Pin "HEX0[6]" is stuck at GND
    Warning (13410): Pin "HEX1[0]" is stuck at GND
    Warning (13410): Pin "HEX1[1]" is stuck at GND
    Warning (13410): Pin "HEX1[2]" is stuck at GND
    Warning (13410): Pin "HEX1[3]" is stuck at GND
    Warning (13410): Pin "HEX1[4]" is stuck at GND
    Warning (13410): Pin "HEX1[5]" is stuck at GND
    Warning (13410): Pin "HEX1[6]" is stuck at GND
    Warning (13410): Pin "HEX2[0]" is stuck at GND
    Warning (13410): Pin "HEX2[1]" is stuck at GND
    Warning (13410): Pin "HEX2[2]" is stuck at GND
    Warning (13410): Pin "HEX2[3]" is stuck at GND
    Warning (13410): Pin "HEX2[4]" is stuck at GND
    Warning (13410): Pin "HEX2[5]" is stuck at GND
    Warning (13410): Pin "HEX2[6]" is stuck at GND
    Warning (13410): Pin "HEX3[0]" is stuck at GND
    Warning (13410): Pin "HEX3[1]" is stuck at GND
    Warning (13410): Pin "HEX3[2]" is stuck at GND
    Warning (13410): Pin "HEX3[3]" is stuck at GND
    Warning (13410): Pin "HEX3[4]" is stuck at GND
    Warning (13410): Pin "HEX3[5]" is stuck at GND
    Warning (13410): Pin "HEX3[6]" is stuck at GND
    Warning (13410): Pin "HEX4[0]" is stuck at GND
    Warning (13410): Pin "HEX4[1]" is stuck at GND
    Warning (13410): Pin "HEX4[2]" is stuck at GND
    Warning (13410): Pin "HEX4[3]" is stuck at GND
    Warning (13410): Pin "HEX4[4]" is stuck at GND
    Warning (13410): Pin "HEX4[5]" is stuck at GND
    Warning (13410): Pin "HEX4[6]" is stuck at GND
    Warning (13410): Pin "HEX5[0]" is stuck at GND
    Warning (13410): Pin "HEX5[1]" is stuck at GND
    Warning (13410): Pin "HEX5[2]" is stuck at GND
    Warning (13410): Pin "HEX5[3]" is stuck at GND
    Warning (13410): Pin "HEX5[4]" is stuck at GND
    Warning (13410): Pin "HEX5[5]" is stuck at GND
    Warning (13410): Pin "HEX5[6]" is stuck at GND
    Warning (13410): Pin "HEX6[0]" is stuck at GND
    Warning (13410): Pin "HEX6[1]" is stuck at GND
    Warning (13410): Pin "HEX6[2]" is stuck at GND
    Warning (13410): Pin "HEX6[3]" is stuck at GND
    Warning (13410): Pin "HEX6[4]" is stuck at GND
    Warning (13410): Pin "HEX6[5]" is stuck at GND
    Warning (13410): Pin "HEX6[6]" is stuck at GND
    Warning (13410): Pin "HEX7[0]" is stuck at GND
    Warning (13410): Pin "HEX7[1]" is stuck at GND
    Warning (13410): Pin "HEX7[2]" is stuck at GND
    Warning (13410): Pin "HEX7[3]" is stuck at GND
    Warning (13410): Pin "HEX7[4]" is stuck at GND
    Warning (13410): Pin "HEX7[5]" is stuck at GND
    Warning (13410): Pin "HEX7[6]" is stuck at GND
    Warning (13410): Pin "LCD_BLON" is stuck at GND
    Warning (13410): Pin "LCD_EN" is stuck at GND
    Warning (13410): Pin "LCD_ON" is stuck at GND
    Warning (13410): Pin "LCD_RS" is stuck at GND
    Warning (13410): Pin "LCD_RW" is stuck at GND
    Warning (13410): Pin "UART_RTS" is stuck at GND
    Warning (13410): Pin "UART_TXD" is stuck at GND
    Warning (13410): Pin "SD_CLK" is stuck at GND
    Warning (13410): Pin "VGA_B[0]" is stuck at GND
    Warning (13410): Pin "VGA_B[1]" is stuck at GND
    Warning (13410): Pin "VGA_B[2]" is stuck at GND
    Warning (13410): Pin "VGA_B[3]" is stuck at GND
    Warning (13410): Pin "VGA_B[4]" is stuck at GND
    Warning (13410): Pin "VGA_B[5]" is stuck at GND
    Warning (13410): Pin "VGA_B[6]" is stuck at GND
    Warning (13410): Pin "VGA_B[7]" is stuck at GND
    Warning (13410): Pin "VGA_BLANK_N" is stuck at GND
    Warning (13410): Pin "VGA_CLK" is stuck at GND
    Warning (13410): Pin "VGA_G[0]" is stuck at GND
    Warning (13410): Pin "VGA_G[1]" is stuck at GND
    Warning (13410): Pin "VGA_G[2]" is stuck at GND
    Warning (13410): Pin "VGA_G[3]" is stuck at GND
    Warning (13410): Pin "VGA_G[4]" is stuck at GND
    Warning (13410): Pin "VGA_G[5]" is stuck at GND
    Warning (13410): Pin "VGA_G[6]" is stuck at GND
    Warning (13410): Pin "VGA_G[7]" is stuck at GND
    Warning (13410): Pin "VGA_HS" is stuck at GND
    Warning (13410): Pin "VGA_R[0]" is stuck at GND
    Warning (13410): Pin "VGA_R[1]" is stuck at GND
    Warning (13410): Pin "VGA_R[2]" is stuck at GND
    Warning (13410): Pin "VGA_R[3]" is stuck at GND
    Warning (13410): Pin "VGA_R[4]" is stuck at GND
    Warning (13410): Pin "VGA_R[5]" is stuck at GND
    Warning (13410): Pin "VGA_R[6]" is stuck at GND
    Warning (13410): Pin "VGA_R[7]" is stuck at GND
    Warning (13410): Pin "VGA_SYNC_N" is stuck at GND
    Warning (13410): Pin "VGA_VS" is stuck at GND
    Warning (13410): Pin "AUD_DACDAT" is stuck at GND
    Warning (13410): Pin "AUD_XCK" is stuck at GND
    Warning (13410): Pin "EEP_I2C_SCLK" is stuck at GND
    Warning (13410): Pin "I2C_SCLK" is stuck at GND
    Warning (13410): Pin "ENET0_GTX_CLK" is stuck at GND
    Warning (13410): Pin "ENET0_MDC" is stuck at GND
    Warning (13410): Pin "ENET0_RST_N" is stuck at GND
    Warning (13410): Pin "ENET0_TX_DATA[0]" is stuck at GND
    Warning (13410): Pin "ENET0_TX_DATA[1]" is stuck at GND
    Warning (13410): Pin "ENET0_TX_DATA[2]" is stuck at GND
    Warning (13410): Pin "ENET0_TX_DATA[3]" is stuck at GND
    Warning (13410): Pin "ENET0_TX_EN" is stuck at GND
    Warning (13410): Pin "ENET0_TX_ER" is stuck at GND
    Warning (13410): Pin "ENET1_GTX_CLK" is stuck at GND
    Warning (13410): Pin "ENET1_MDC" is stuck at GND
    Warning (13410): Pin "ENET1_RST_N" is stuck at GND
    Warning (13410): Pin "ENET1_TX_DATA[0]" is stuck at GND
    Warning (13410): Pin "ENET1_TX_DATA[1]" is stuck at GND
    Warning (13410): Pin "ENET1_TX_DATA[2]" is stuck at GND
    Warning (13410): Pin "ENET1_TX_DATA[3]" is stuck at GND
    Warning (13410): Pin "ENET1_TX_EN" is stuck at GND
    Warning (13410): Pin "ENET1_TX_ER" is stuck at GND
    Warning (13410): Pin "TD_RESET_N" is stuck at GND
    Warning (13410): Pin "OTG_ADDR[0]" is stuck at GND
    Warning (13410): Pin "OTG_ADDR[1]" is stuck at GND
    Warning (13410): Pin "OTG_CS_N" is stuck at GND
    Warning (13410): Pin "OTG_RD_N" is stuck at GND
    Warning (13410): Pin "OTG_RST_N" is stuck at GND
    Warning (13410): Pin "OTG_WE_N" is stuck at GND
    Warning (13410): Pin "DRAM_ADDR[0]" is stuck at GND
    Warning (13410): Pin "DRAM_ADDR[1]" is stuck at GND
    Warning (13410): Pin "DRAM_ADDR[2]" is stuck at GND
    Warning (13410): Pin "DRAM_ADDR[3]" is stuck at GND
    Warning (13410): Pin "DRAM_ADDR[4]" is stuck at GND
    Warning (13410): Pin "DRAM_ADDR[5]" is stuck at GND
    Warning (13410): Pin "DRAM_ADDR[6]" is stuck at GND
    Warning (13410): Pin "DRAM_ADDR[7]" is stuck at GND
    Warning (13410): Pin "DRAM_ADDR[8]" is stuck at GND
    Warning (13410): Pin "DRAM_ADDR[9]" is stuck at GND
    Warning (13410): Pin "DRAM_ADDR[10]" is stuck at GND
    Warning (13410): Pin "DRAM_ADDR[11]" is stuck at GND
    Warning (13410): Pin "DRAM_ADDR[12]" is stuck at GND
    Warning (13410): Pin "DRAM_BA[0]" is stuck at GND
    Warning (13410): Pin "DRAM_BA[1]" is stuck at GND
    Warning (13410): Pin "DRAM_CAS_N" is stuck at GND
    Warning (13410): Pin "DRAM_CKE" is stuck at GND
    Warning (13410): Pin "DRAM_CLK" is stuck at GND
    Warning (13410): Pin "DRAM_CS_N" is stuck at GND
    Warning (13410): Pin "DRAM_DQM[0]" is stuck at GND
    Warning (13410): Pin "DRAM_DQM[1]" is stuck at GND
    Warning (13410): Pin "DRAM_DQM[2]" is stuck at GND
    Warning (13410): Pin "DRAM_DQM[3]" is stuck at GND
    Warning (13410): Pin "DRAM_RAS_N" is stuck at GND
    Warning (13410): Pin "DRAM_WE_N" is stuck at GND
    Warning (13410): Pin "SRAM_ADDR[0]" is stuck at GND
    Warning (13410): Pin "SRAM_ADDR[1]" is stuck at GND
    Warning (13410): Pin "SRAM_ADDR[2]" is stuck at GND
    Warning (13410): Pin "SRAM_ADDR[3]" is stuck at GND
    Warning (13410): Pin "SRAM_ADDR[4]" is stuck at GND
    Warning (13410): Pin "SRAM_ADDR[5]" is stuck at GND
    Warning (13410): Pin "SRAM_ADDR[6]" is stuck at GND
    Warning (13410): Pin "SRAM_ADDR[7]" is stuck at GND
    Warning (13410): Pin "SRAM_ADDR[8]" is stuck at GND
    Warning (13410): Pin "SRAM_ADDR[9]" is stuck at GND
    Warning (13410): Pin "SRAM_ADDR[10]" is stuck at GND
    Warning (13410): Pin "SRAM_ADDR[11]" is stuck at GND
    Warning (13410): Pin "SRAM_ADDR[12]" is stuck at GND
    Warning (13410): Pin "SRAM_ADDR[13]" is stuck at GND
    Warning (13410): Pin "SRAM_ADDR[14]" is stuck at GND
    Warning (13410): Pin "SRAM_ADDR[15]" is stuck at GND
    Warning (13410): Pin "SRAM_ADDR[16]" is stuck at GND
    Warning (13410): Pin "SRAM_ADDR[17]" is stuck at GND
    Warning (13410): Pin "SRAM_ADDR[18]" is stuck at GND
    Warning (13410): Pin "SRAM_ADDR[19]" is stuck at GND
    Warning (13410): Pin "SRAM_CE_N" is stuck at GND
    Warning (13410): Pin "SRAM_LB_N" is stuck at GND
    Warning (13410): Pin "SRAM_OE_N" is stuck at GND
    Warning (13410): Pin "SRAM_UB_N" is stuck at GND
    Warning (13410): Pin "SRAM_WE_N" is stuck at GND
    Warning (13410): Pin "FL_ADDR[0]" is stuck at GND
    Warning (13410): Pin "FL_ADDR[1]" is stuck at GND
    Warning (13410): Pin "FL_ADDR[2]" is stuck at GND
    Warning (13410): Pin "FL_ADDR[3]" is stuck at GND
    Warning (13410): Pin "FL_ADDR[4]" is stuck at GND
    Warning (13410): Pin "FL_ADDR[5]" is stuck at GND
    Warning (13410): Pin "FL_ADDR[6]" is stuck at GND
    Warning (13410): Pin "FL_ADDR[7]" is stuck at GND
    Warning (13410): Pin "FL_ADDR[8]" is stuck at GND
    Warning (13410): Pin "FL_ADDR[9]" is stuck at GND
    Warning (13410): Pin "FL_ADDR[10]" is stuck at GND
    Warning (13410): Pin "FL_ADDR[11]" is stuck at GND
    Warning (13410): Pin "FL_ADDR[12]" is stuck at GND
    Warning (13410): Pin "FL_ADDR[13]" is stuck at GND
    Warning (13410): Pin "FL_ADDR[14]" is stuck at GND
    Warning (13410): Pin "FL_ADDR[15]" is stuck at GND
    Warning (13410): Pin "FL_ADDR[16]" is stuck at GND
    Warning (13410): Pin "FL_ADDR[17]" is stuck at GND
    Warning (13410): Pin "FL_ADDR[18]" is stuck at GND
    Warning (13410): Pin "FL_ADDR[19]" is stuck at GND
    Warning (13410): Pin "FL_ADDR[20]" is stuck at GND
    Warning (13410): Pin "FL_ADDR[21]" is stuck at GND
    Warning (13410): Pin "FL_ADDR[22]" is stuck at GND
    Warning (13410): Pin "FL_CE_N" is stuck at GND
    Warning (13410): Pin "FL_OE_N" is stuck at GND
    Warning (13410): Pin "FL_RST_N" is stuck at GND
    Warning (13410): Pin "FL_WE_N" is stuck at GND
    Warning (13410): Pin "FL_WP_N" is stuck at GND
Info (16010): Generating hard_block partition "hard_block:auto_generated_inst"
    Info (16011): Adding 0 node(s), including 0 DDIO, 0 PLL, 0 transceiver and 0 LCELL
Warning (21074): Design contains 69 input pin(s) that do not drive logic
    Warning (15610): No output dependent on input pin "CLOCK_50"
    Warning (15610): No output dependent on input pin "CLOCK2_50"
    Warning (15610): No output dependent on input pin "CLOCK3_50"
    Warning (15610): No output dependent on input pin "SMA_CLKIN"
    Warning (15610): No output dependent on input pin "KEY[0]"
    Warning (15610): No output dependent on input pin "KEY[1]"
    Warning (15610): No output dependent on input pin "KEY[2]"
    Warning (15610): No output dependent on input pin "KEY[3]"
    Warning (15610): No output dependent on input pin "SW[0]"
    Warning (15610): No output dependent on input pin "SW[1]"
    Warning (15610): No output dependent on input pin "SW[2]"
    Warning (15610): No output dependent on input pin "SW[3]"
    Warning (15610): No output dependent on input pin "SW[4]"
    Warning (15610): No output dependent on input pin "SW[5]"
    Warning (15610): No output dependent on input pin "SW[6]"
    Warning (15610): No output dependent on input pin "SW[7]"
    Warning (15610): No output dependent on input pin "SW[8]"
    Warning (15610): No output dependent on input pin "SW[9]"
    Warning (15610): No output dependent on input pin "SW[10]"
    Warning (15610): No output dependent on input pin "SW[11]"
    Warning (15610): No output dependent on input pin "SW[12]"
    Warning (15610): No output dependent on input pin "SW[13]"
    Warning (15610): No output dependent on input pin "SW[14]"
    Warning (15610): No output dependent on input pin "SW[15]"
    Warning (15610): No output dependent on input pin "SW[16]"
    Warning (15610): No output dependent on input pin "SW[17]"
    Warning (15610): No output dependent on input pin "UART_CTS"
    Warning (15610): No output dependent on input pin "UART_RXD"
    Warning (15610): No output dependent on input pin "SD_WP_N"
    Warning (15610): No output dependent on input pin "AUD_ADCDAT"
    Warning (15610): No output dependent on input pin "ENET0_INT_N"
    Warning (15610): No output dependent on input pin "ENET0_LINK100"
    Warning (15610): No output dependent on input pin "ENET0_RX_CLK"
    Warning (15610): No output dependent on input pin "ENET0_RX_COL"
    Warning (15610): No output dependent on input pin "ENET0_RX_CRS"
    Warning (15610): No output dependent on input pin "ENET0_RX_DATA[0]"
    Warning (15610): No output dependent on input pin "ENET0_RX_DATA[1]"
    Warning (15610): No output dependent on input pin "ENET0_RX_DATA[2]"
    Warning (15610): No output dependent on input pin "ENET0_RX_DATA[3]"
    Warning (15610): No output dependent on input pin "ENET0_RX_DV"
    Warning (15610): No output dependent on input pin "ENET0_RX_ER"
    Warning (15610): No output dependent on input pin "ENET0_TX_CLK"
    Warning (15610): No output dependent on input pin "ENETCLK_25"
    Warning (15610): No output dependent on input pin "ENET1_INT_N"
    Warning (15610): No output dependent on input pin "ENET1_LINK100"
    Warning (15610): No output dependent on input pin "ENET1_RX_CLK"
    Warning (15610): No output dependent on input pin "ENET1_RX_COL"
    Warning (15610): No output dependent on input pin "ENET1_RX_CRS"
    Warning (15610): No output dependent on input pin "ENET1_RX_DATA[0]"
    Warning (15610): No output dependent on input pin "ENET1_RX_DATA[1]"
    Warning (15610): No output dependent on input pin "ENET1_RX_DATA[2]"
    Warning (15610): No output dependent on input pin "ENET1_RX_DATA[3]"
    Warning (15610): No output dependent on input pin "ENET1_RX_DV"
    Warning (15610): No output dependent on input pin "ENET1_RX_ER"
    Warning (15610): No output dependent on input pin "ENET1_TX_CLK"
    Warning (15610): No output dependent on input pin "TD_CLK27"
    Warning (15610): No output dependent on input pin "TD_DATA[0]"
    Warning (15610): No output dependent on input pin "TD_DATA[1]"
    Warning (15610): No output dependent on input pin "TD_DATA[2]"
    Warning (15610): No output dependent on input pin "TD_DATA[3]"
    Warning (15610): No output dependent on input pin "TD_DATA[4]"
    Warning (15610): No output dependent on input pin "TD_DATA[5]"
    Warning (15610): No output dependent on input pin "TD_DATA[6]"
    Warning (15610): No output dependent on input pin "TD_DATA[7]"
    Warning (15610): No output dependent on input pin "TD_HS"
    Warning (15610): No output dependent on input pin "TD_VS"
    Warning (15610): No output dependent on input pin "OTG_INT"
    Warning (15610): No output dependent on input pin "IRDA_RXD"
    Warning (15610): No output dependent on input pin "FL_RY"
Info (21057): Implemented 400 device resources after synthesis - the final resource count might be different
    Info (21058): Implemented 69 input pins
    Info (21059): Implemented 228 output pins
    Info (21060): Implemented 103 bidirectional pins
Info: Quartus II 64-Bit Analysis & Synthesis was successful. 0 errors, 488 warnings
    Info: Peak virtual memory: 542 megabytes
    Info: Processing ended: Mon May 23 16:03:41 2016
    Info: Elapsed time: 00:00:01
    Info: Total CPU time (on all processors): 00:00:01


